[  +17 ms] Unable to locate an Android SDK.
[   +5 ms] executing: sysctl hw.optional.arm64
[   +3 ms] Exit code 0 from: sysctl hw.optional.arm64
[        ] hw.optional.arm64: 1
[   +3 ms] Artifact Instance of 'MaterialFonts' is not required, skipping update.
[        ] Artifact Instance of 'GradleWrapper' is not required, skipping update.
[        ] Artifact Instance of 'AndroidGenSnapshotArtifacts' is not required, skipping update.
[        ] Artifact Instance of 'AndroidInternalBuildArtifacts' is not required, skipping update.
[        ] Artifact Instance of 'IOSEngineArtifacts' is not required, skipping update.
[        ] Artifact Instance of 'FlutterWebSdk' is not required, skipping update.
[        ] Artifact Instance of 'LegacyCanvasKitRemover' is not required, skipping update.
[        ] Artifact Instance of 'FlutterSdk' is not required, skipping update.
[        ] Artifact Instance of 'WindowsEngineArtifacts' is not required, skipping update.
[        ] Artifact Instance of 'MacOSEngineArtifacts' is not required, skipping update.
[        ] Artifact Instance of 'LinuxEngineArtifacts' is not required, skipping update.
[        ] Artifact Instance of 'LinuxFuchsiaSDKArtifacts' is not required, skipping update.
[        ] Artifact Instance of 'MacOSFuchsiaSDKArtifacts' is not required, skipping update.
[        ] Artifact Instance of 'FlutterRunnerSDKArtifacts' is not required, skipping update.
[        ] Artifact Instance of 'FlutterRunnerDebugSymbols' is not required, skipping update.
[        ] Artifact Instance of 'IosUsbArtifacts' is not required, skipping update.
[        ] Artifact Instance of 'IosUsbArtifacts' is not required, skipping update.
[        ] Artifact Instance of 'IosUsbArtifacts' is not required, skipping update.
[        ] Artifact Instance of 'IosUsbArtifacts' is not required, skipping update.
[        ] Artifact Instance of 'IosUsbArtifacts' is not required, skipping update.
[        ] Artifact Instance of 'IosUsbArtifacts' is not required, skipping update.
[        ] Artifact Instance of 'FontSubsetArtifacts' is not required, skipping update.
[        ] Artifact Instance of 'PubDependencies' is not required, skipping update.
[        ] executing: [/opt/homebrew/share/flutter/] git -c log.showSignature=false log HEAD -n 1 --pretty=format:%ad --date=iso
[   +8 ms] Exit code 0 from: git -c log.showSignature=false log HEAD -n 1 --pretty=format:%ad --date=iso
[        ] 2026-01-28 13:43:12 -0800
[   +5 ms] Found 1 files which will be executed as Widget Tests.
[   +1 ms] Artifact Instance of 'AndroidGenSnapshotArtifacts' is not required, skipping update.
[        ] Artifact Instance of 'AndroidInternalBuildArtifacts' is not required, skipping update.
[        ] Artifact Instance of 'IOSEngineArtifacts' is not required, skipping update.
[        ] Artifact Instance of 'FlutterWebSdk' is not required, skipping update.
[        ] Artifact Instance of 'FlutterEngineStamp' is not required, skipping update.
[        ] Artifact Instance of 'LegacyCanvasKitRemover' is not required, skipping update.
[        ] Artifact Instance of 'WindowsEngineArtifacts' is not required, skipping update.
[        ] Artifact Instance of 'MacOSEngineArtifacts' is not required, skipping update.
[        ] Artifact Instance of 'LinuxEngineArtifacts' is not required, skipping update.
[        ] Artifact Instance of 'LinuxFuchsiaSDKArtifacts' is not required, skipping update.
[        ] Artifact Instance of 'MacOSFuchsiaSDKArtifacts' is not required, skipping update.
[        ] Artifact Instance of 'FlutterRunnerSDKArtifacts' is not required, skipping update.
[        ] Artifact Instance of 'FlutterRunnerDebugSymbols' is not required, skipping update.
[  +18 ms] Artifact Instance of 'MaterialFonts' is not required, skipping update.
[        ] Artifact Instance of 'GradleWrapper' is not required, skipping update.
[        ] Artifact Instance of 'AndroidGenSnapshotArtifacts' is not required, skipping update.
[        ] Artifact Instance of 'AndroidInternalBuildArtifacts' is not required, skipping update.
[        ] Artifact Instance of 'IOSEngineArtifacts' is not required, skipping update.
[        ] Artifact Instance of 'FlutterWebSdk' is not required, skipping update.
[        ] Artifact Instance of 'FlutterEngineStamp' is not required, skipping update.
[        ] Artifact Instance of 'LegacyCanvasKitRemover' is not required, skipping update.
[        ] Artifact Instance of 'FlutterSdk' is not required, skipping update.
[        ] Artifact Instance of 'WindowsEngineArtifacts' is not required, skipping update.
[        ] Artifact Instance of 'MacOSEngineArtifacts' is not required, skipping update.
[        ] Artifact Instance of 'LinuxEngineArtifacts' is not required, skipping update.
[        ] Artifact Instance of 'LinuxFuchsiaSDKArtifacts' is not required, skipping update.
[        ] Artifact Instance of 'MacOSFuchsiaSDKArtifacts' is not required, skipping update.
[        ] Artifact Instance of 'FlutterRunnerSDKArtifacts' is not required, skipping update.
[        ] Artifact Instance of 'FlutterRunnerDebugSymbols' is not required, skipping update.
[        ] Artifact Instance of 'IosUsbArtifacts' is not required, skipping update.
[        ] Artifact Instance of 'IosUsbArtifacts' is not required, skipping update.
[        ] Artifact Instance of 'IosUsbArtifacts' is not required, skipping update.
[        ] Artifact Instance of 'IosUsbArtifacts' is not required, skipping update.
[        ] Artifact Instance of 'IosUsbArtifacts' is not required, skipping update.
[        ] Artifact Instance of 'IosUsbArtifacts' is not required, skipping update.
[        ] Artifact Instance of 'FontSubsetArtifacts' is not required, skipping update.
[        ] Artifact Instance of 'PubDependencies' is not required, skipping update.
[  +22 ms] executing: [/Users/srithesh/Desktop/posrest/] /opt/homebrew/share/flutter/bin/cache/dart-sdk/bin/dart pub --suppress-analytics --directory . get --example
Resolving dependencies...
Downloading packages...
  _fe_analyzer_shared 93.0.0 (100.0.0 available)
  analyzer 10.0.1 (13.0.0 available)
  archive 3.6.1 (4.0.9 available)
  characters 1.4.0 (1.4.1 available)
  connectivity_plus 6.1.5 (7.1.1 available)
  dart_style 3.1.7 (3.1.9 available)
  flutter_svg 2.2.4 (2.3.0 available)
  google_fonts 6.3.3 (8.1.0 available)
  intl 0.19.0 (0.20.2 available)
  lottie 2.7.0 (3.3.3 available)
  matcher 0.12.17 (0.12.20 available)
  material_color_utilities 0.11.1 (0.13.0 available)
  meta 1.17.0 (1.18.2 available)
  native_toolchain_c 0.17.6 (0.18.0 available)
  sqflite_common 2.5.6+1 (2.5.7 available)
  synchronized 3.4.0 (3.4.0+1 available)
  test_api 0.7.7 (0.7.12 available)
  vector_graphics_compiler 1.2.0 (1.2.2 available)
  vector_math 2.2.0 (2.3.0 available)
  xml 6.6.1 (7.0.1 available)
Got dependencies!
20 packages have newer versions incompatible with dependency constraints.
Try `flutter pub outdated` for more information.
[+5350 ms] Found plugin sqflite at /Users/srithesh/.pub-cache/hosted/pub.dev/sqflite-2.4.2+1/
[   +4 ms] Found plugin sqflite_darwin at /Users/srithesh/.pub-cache/hosted/pub.dev/sqflite_darwin-2.4.2/
[   +1 ms] Found plugin sqflite_android at /Users/srithesh/.pub-cache/hosted/pub.dev/sqflite_android-2.4.2+3/
[        ] Found plugin shared_preferences at /Users/srithesh/.pub-cache/hosted/pub.dev/shared_preferences-2.5.5/
[        ] Found plugin shared_preferences_windows at /Users/srithesh/.pub-cache/hosted/pub.dev/shared_preferences_windows-2.4.1/
[   +1 ms] Found plugin path_provider_windows at /Users/srithesh/.pub-cache/hosted/pub.dev/path_provider_windows-2.3.0/
[   +1 ms] Found plugin shared_preferences_web at /Users/srithesh/.pub-cache/hosted/pub.dev/shared_preferences_web-2.4.3/
[   +1 ms] Found plugin shared_preferences_linux at /Users/srithesh/.pub-cache/hosted/pub.dev/shared_preferences_linux-2.4.1/
[   +1 ms] Found plugin path_provider_linux at /Users/srithesh/.pub-cache/hosted/pub.dev/path_provider_linux-2.2.1/
[   +2 ms] Found plugin shared_preferences_foundation at /Users/srithesh/.pub-cache/hosted/pub.dev/shared_preferences_foundation-2.5.6/
[        ] Found plugin shared_preferences_android at /Users/srithesh/.pub-cache/hosted/pub.dev/shared_preferences_android-2.4.23/
[   +3 ms] Found plugin path_provider at /Users/srithesh/.pub-cache/hosted/pub.dev/path_provider-2.1.5/
[        ] Found plugin path_provider_foundation at /Users/srithesh/.pub-cache/hosted/pub.dev/path_provider_foundation-2.6.0/
[   +2 ms] Found plugin path_provider_android at /Users/srithesh/.pub-cache/hosted/pub.dev/path_provider_android-2.3.1/
[        ] Found plugin jni_flutter at /Users/srithesh/.pub-cache/hosted/pub.dev/jni_flutter-1.0.1/
[        ] Found plugin jni at /Users/srithesh/.pub-cache/hosted/pub.dev/jni-1.0.0/
[   +6 ms] Found plugin connectivity_plus at /Users/srithesh/.pub-cache/hosted/pub.dev/connectivity_plus-6.1.5/
[  +36 ms] Found plugin sqflite at /Users/srithesh/.pub-cache/hosted/pub.dev/sqflite-2.4.2+1/
[   +1 ms] Found plugin sqflite_darwin at /Users/srithesh/.pub-cache/hosted/pub.dev/sqflite_darwin-2.4.2/
[        ] Found plugin sqflite_android at /Users/srithesh/.pub-cache/hosted/pub.dev/sqflite_android-2.4.2+3/
[        ] Found plugin shared_preferences at /Users/srithesh/.pub-cache/hosted/pub.dev/shared_preferences-2.5.5/
[        ] Found plugin shared_preferences_windows at /Users/srithesh/.pub-cache/hosted/pub.dev/shared_preferences_windows-2.4.1/
[        ] Found plugin path_provider_windows at /Users/srithesh/.pub-cache/hosted/pub.dev/path_provider_windows-2.3.0/
[        ] Found plugin shared_preferences_web at /Users/srithesh/.pub-cache/hosted/pub.dev/shared_preferences_web-2.4.3/
[        ] Found plugin shared_preferences_linux at /Users/srithesh/.pub-cache/hosted/pub.dev/shared_preferences_linux-2.4.1/
[        ] Found plugin path_provider_linux at /Users/srithesh/.pub-cache/hosted/pub.dev/path_provider_linux-2.2.1/
[        ] Found plugin shared_preferences_foundation at /Users/srithesh/.pub-cache/hosted/pub.dev/shared_preferences_foundation-2.5.6/
[        ] Found plugin shared_preferences_android at /Users/srithesh/.pub-cache/hosted/pub.dev/shared_preferences_android-2.4.23/
[   +2 ms] Found plugin path_provider at /Users/srithesh/.pub-cache/hosted/pub.dev/path_provider-2.1.5/
[        ] Found plugin path_provider_foundation at /Users/srithesh/.pub-cache/hosted/pub.dev/path_provider_foundation-2.6.0/
[   +1 ms] Found plugin path_provider_android at /Users/srithesh/.pub-cache/hosted/pub.dev/path_provider_android-2.3.1/
[        ] Found plugin jni_flutter at /Users/srithesh/.pub-cache/hosted/pub.dev/jni_flutter-1.0.1/
[        ] Found plugin jni at /Users/srithesh/.pub-cache/hosted/pub.dev/jni-1.0.0/
[   +3 ms] Found plugin connectivity_plus at /Users/srithesh/.pub-cache/hosted/pub.dev/connectivity_plus-6.1.5/
[   +6 ms] Skipping generating web_plugin_registrant.dart because it is up-to-date.
[  +17 ms] Found plugin sqflite at /Users/srithesh/.pub-cache/hosted/pub.dev/sqflite-2.4.2+1/
[   +1 ms] Found plugin sqflite_darwin at /Users/srithesh/.pub-cache/hosted/pub.dev/sqflite_darwin-2.4.2/
[        ] Found plugin sqflite_android at /Users/srithesh/.pub-cache/hosted/pub.dev/sqflite_android-2.4.2+3/
[        ] Found plugin shared_preferences at /Users/srithesh/.pub-cache/hosted/pub.dev/shared_preferences-2.5.5/
[        ] Found plugin shared_preferences_windows at /Users/srithesh/.pub-cache/hosted/pub.dev/shared_preferences_windows-2.4.1/
[        ] Found plugin path_provider_windows at /Users/srithesh/.pub-cache/hosted/pub.dev/path_provider_windows-2.3.0/
[        ] Found plugin shared_preferences_web at /Users/srithesh/.pub-cache/hosted/pub.dev/shared_preferences_web-2.4.3/
[        ] Found plugin shared_preferences_linux at /Users/srithesh/.pub-cache/hosted/pub.dev/shared_preferences_linux-2.4.1/
[        ] Found plugin path_provider_linux at /Users/srithesh/.pub-cache/hosted/pub.dev/path_provider_linux-2.2.1/
[        ] Found plugin shared_preferences_foundation at /Users/srithesh/.pub-cache/hosted/pub.dev/shared_preferences_foundation-2.5.6/
[        ] Found plugin shared_preferences_android at /Users/srithesh/.pub-cache/hosted/pub.dev/shared_preferences_android-2.4.23/
[   +2 ms] Found plugin path_provider at /Users/srithesh/.pub-cache/hosted/pub.dev/path_provider-2.1.5/
[        ] Found plugin path_provider_foundation at /Users/srithesh/.pub-cache/hosted/pub.dev/path_provider_foundation-2.6.0/
[   +1 ms] Found plugin path_provider_android at /Users/srithesh/.pub-cache/hosted/pub.dev/path_provider_android-2.3.1/
[        ] Found plugin jni_flutter at /Users/srithesh/.pub-cache/hosted/pub.dev/jni_flutter-1.0.1/
[        ] Found plugin jni at /Users/srithesh/.pub-cache/hosted/pub.dev/jni-1.0.0/
[   +3 ms] Found plugin connectivity_plus at /Users/srithesh/.pub-cache/hosted/pub.dev/connectivity_plus-6.1.5/
[   +3 ms] Generating /Users/srithesh/Desktop/posrest/android/app/src/main/java/io/flutter/plugins/GeneratedPluginRegistrant.java
[        ] Skipping generating GeneratedPluginRegistrant.java because it is up-to-date.
[   +1 ms] Skipping generating GeneratedPluginRegistrant.h because it is up-to-date.
[        ] Skipping generating GeneratedPluginRegistrant.m because it is up-to-date.
[        ] Skipping generating GeneratedPluginRegistrant.swift because it is up-to-date.
[   +6 ms] executing: sysctl hw.optional.arm64
[   +2 ms] Exit code 0 from: sysctl hw.optional.arm64
[        ] hw.optional.arm64: 1
[        ] executing: /usr/bin/arch -arm64e xcrun xcodebuild -version
[  +10 ms] Exit code 72 from: /usr/bin/arch -arm64e xcrun xcodebuild -version
[        ] xcrun: error: unable to find utility "xcodebuild", not a developer tool or in PATH
[  +19 ms] executing: /usr/bin/arch -arm64e xcrun xcodebuild -version
[   +9 ms] Exit code 72 from: /usr/bin/arch -arm64e xcrun xcodebuild -version
[        ] xcrun: error: unable to find utility "xcodebuild", not a developer tool or in PATH
[  +84 ms] Building native assets for macos_arm64.
[  +28 ms] input.json contents:
           {
             "assets": {},
             "config": {
               "build_asset_types": [
                 "code_assets/code"
               ],
               "extensions": {
                 "code_assets": {
                   "c_compiler": {
                     "ar": "/Library/Developer/CommandLineTools/usr/bin/ar",
                     "cc": "/Library/Developer/CommandLineTools/usr/bin/clang",
                     "ld": "/Library/Developer/CommandLineTools/usr/bin/ld"
                   },
                   "link_mode_preference": "dynamic",
                   "macos": {
                     "target_version": 13
                   },
                   "target_architecture": "arm64",
                   "target_os": "macos"
                 }
               },
               "linking_enabled": false
             },
             "out_dir_shared": "/Users/srithesh/Desktop/posrest/.dart_tool/hooks_runner/shared/objective_c/build/",
             "out_file": "/Users/srithesh/Desktop/posrest/.dart_tool/hooks_runner/objective_c/de310349bc9076cf1346d708eeebe4f4/output.json",
             "package_name": "objective_c",
             "package_root": "/Users/srithesh/.pub-cache/hosted/pub.dev/objective_c-9.3.0/",
             "user_defines": {}
           }
[   +5 ms] output.json contents:
           {
             "assets": [
               {
                 "encoding": {
                   "file": "/Users/srithesh/Desktop/posrest/.dart_tool/hooks_runner/shared/objective_c/build/de310349bc/objective_c.dylib",
                   "id": "package:objective_c/objective_c.dylib",
                   "link_mode": {
                     "type": "dynamic_loading_bundle"
                   }
                 },
                 "type": "code_assets/code"
               }
             ],
             "assets_for_linking": {},
             "dependencies": [
               "/Users/srithesh/.pub-cache/hosted/pub.dev/objective_c-9.3.0/src/include/dart_api_dl.c",
               "/Users/srithesh/.pub-cache/hosted/pub.dev/objective_c-9.3.0/src/objective_c.c",
               "/Users/srithesh/.pub-cache/hosted/pub.dev/objective_c-9.3.0/test/util.c",
               "/Users/srithesh/.pub-cache/hosted/pub.dev/objective_c-9.3.0/src/input_stream_adapter.m",
               "/Users/srithesh/.pub-cache/hosted/pub.dev/objective_c-9.3.0/src/objective_c.m",
               "/Users/srithesh/.pub-cache/hosted/pub.dev/objective_c-9.3.0/src/observer.m",
               "/Users/srithesh/.pub-cache/hosted/pub.dev/objective_c-9.3.0/src/ns_number.m",
               "/Users/srithesh/.pub-cache/hosted/pub.dev/objective_c-9.3.0/src/protocol.m",
               "/Users/srithesh/.pub-cache/hosted/pub.dev/objective_c-9.3.0/src/objective_c_bindings_generated.m",
               "/Users/srithesh/.pub-cache/hosted/pub.dev/objective_c-9.3.0/src/protocol.h",
               "/Users/srithesh/.pub-cache/hosted/pub.dev/objective_c-9.3.0/src/ns_number.h",
               "/Users/srithesh/.pub-cache/hosted/pub.dev/objective_c-9.3.0/src/observer.h",
               "/Users/srithesh/.pub-cache/hosted/pub.dev/objective_c-9.3.0/src/objective_c_runtime.h",
               "/Users/srithesh/.pub-cache/hosted/pub.dev/objective_c-9.3.0/src/include/dart_api.h",
               "/Users/srithesh/.pub-cache/hosted/pub.dev/objective_c-9.3.0/src/include/dart_version.h",
               "/Users/srithesh/.pub-cache/hosted/pub.dev/objective_c-9.3.0/src/include/analyze_snapshot_api.h",
               "/Users/srithesh/.pub-cache/hosted/pub.dev/objective_c-9.3.0/src/include/bin/dart_io_api.h",
               "/Users/srithesh/.pub-cache/hosted/pub.dev/objective_c-9.3.0/src/include/bin/native_assets_api.h",
               "/Users/srithesh/.pub-cache/hosted/pub.dev/objective_c-9.3.0/src/include/dart_embedder_api.h",
               "/Users/srithesh/.pub-cache/hosted/pub.dev/objective_c-9.3.0/src/include/dart_native_api.h",
               "/Users/srithesh/.pub-cache/hosted/pub.dev/objective_c-9.3.0/src/include/internal/dart_api_dl_impl.h",
               "/Users/srithesh/.pub-cache/hosted/pub.dev/objective_c-9.3.0/src/include/dart_tools_api.h",
               "/Users/srithesh/.pub-cache/hosted/pub.dev/objective_c-9.3.0/src/include/dart_api_dl.h",
               "/Users/srithesh/.pub-cache/hosted/pub.dev/objective_c-9.3.0/src/foundation.h",
               "/Users/srithesh/.pub-cache/hosted/pub.dev/objective_c-9.3.0/src/input_stream_adapter.h",
               "/Users/srithesh/.pub-cache/hosted/pub.dev/objective_c-9.3.0/src/objective_c.h",
               "/Users/srithesh/.pub-cache/hosted/pub.dev/objective_c-9.3.0/src/os_version.h",
               "/Users/srithesh/.pub-cache/hosted/pub.dev/objective_c-9.3.0/src/ffi.h"
             ],
             "status": "success",
             "timestamp": "2026-05-12 00:09:37.000"
           }
[  +12 ms] Skipping build for objective_c in /Users/srithesh/Desktop/posrest/.dart_tool/hooks_runner/objective_c/de310349bc9076cf1346d708eeebe4f4/. Last build on 2026-05-12 00:09:37.000.
[   +4 ms] Note: You are using the dart build hooks feature which is currently in preview. Please see https://dart.dev/interop/c-interop#native-assets for more details.
[        ] Building native assets for macos_arm64 done.
[   +1 ms] Copying native assets to /Users/srithesh/Desktop/posrest/build/native_assets/macos/.
[  +37 ms] codesign --force --sign - --timestamp=none /Users/srithesh/Desktop/posrest/build/native_assets/macos/objective_c.dylib
[  +14 ms] /Users/srithesh/Desktop/posrest/build/native_assets/macos/objective_c.dylib: replacing existing signature

[        ] Copying native assets done.
[        ] Writing native assets json to file:///Users/srithesh/Desktop/posrest/build/native_assets/macos/native_assets.json.
[   +1 ms] Writing /Users/srithesh/Desktop/posrest/build/native_assets/macos/native_assets.json done.
[ +100 ms] running test package with arguments: [--no-color, --chain-stack-traces, --, file:///Users/srithesh/Desktop/posrest/test/payment_calculation_test.dart?]
00:00 +0: loading /Users/srithesh/Desktop/posrest/test/payment_calculation_test.dart                                                                                                                   [  +80 ms] test 0: starting test /Users/srithesh/Desktop/posrest/test/payment_calculation_test.dart
[   +2 ms] Stopping scan for flutter_test_config.dart; found project root at /Users/srithesh/Desktop/posrest
[   +1 ms] Compiler will use the following file as its incremental dill file: /var/folders/wz/88y3whz54y1cj2p9nvz2p4k80000gn/T/flutter_tools.FWHAvh/flutter_test_compiler.qNb7lF/output.dill
[        ] Listening to compiler controller...
[   +3 ms] Compiling file:///var/folders/wz/88y3whz54y1cj2p9nvz2p4k80000gn/T/flutter_tools.FWHAvh/flutter_test_listener.JlFMK6/listener.dart
[  +20 ms] Found plugin sqflite at /Users/srithesh/.pub-cache/hosted/pub.dev/sqflite-2.4.2+1/
[   +1 ms] Found plugin sqflite_darwin at /Users/srithesh/.pub-cache/hosted/pub.dev/sqflite_darwin-2.4.2/
[        ] Found plugin sqflite_android at /Users/srithesh/.pub-cache/hosted/pub.dev/sqflite_android-2.4.2+3/
[        ] Found plugin shared_preferences at /Users/srithesh/.pub-cache/hosted/pub.dev/shared_preferences-2.5.5/
[        ] Found plugin shared_preferences_windows at /Users/srithesh/.pub-cache/hosted/pub.dev/shared_preferences_windows-2.4.1/
[        ] Found plugin path_provider_windows at /Users/srithesh/.pub-cache/hosted/pub.dev/path_provider_windows-2.3.0/
[        ] Found plugin shared_preferences_web at /Users/srithesh/.pub-cache/hosted/pub.dev/shared_preferences_web-2.4.3/
[   +1 ms] Found plugin shared_preferences_linux at /Users/srithesh/.pub-cache/hosted/pub.dev/shared_preferences_linux-2.4.1/
[        ] Found plugin path_provider_linux at /Users/srithesh/.pub-cache/hosted/pub.dev/path_provider_linux-2.2.1/
[        ] Found plugin shared_preferences_foundation at /Users/srithesh/.pub-cache/hosted/pub.dev/shared_preferences_foundation-2.5.6/
[        ] Found plugin shared_preferences_android at /Users/srithesh/.pub-cache/hosted/pub.dev/shared_preferences_android-2.4.23/
[   +1 ms] Found plugin path_provider at /Users/srithesh/.pub-cache/hosted/pub.dev/path_provider-2.1.5/
[        ] Found plugin path_provider_foundation at /Users/srithesh/.pub-cache/hosted/pub.dev/path_provider_foundation-2.6.0/
[   +1 ms] Found plugin path_provider_android at /Users/srithesh/.pub-cache/hosted/pub.dev/path_provider_android-2.3.1/
[        ] Found plugin jni_flutter at /Users/srithesh/.pub-cache/hosted/pub.dev/jni_flutter-1.0.1/
[        ] Found plugin jni at /Users/srithesh/.pub-cache/hosted/pub.dev/jni-1.0.0/
[   +3 ms] Found plugin connectivity_plus at /Users/srithesh/.pub-cache/hosted/pub.dev/connectivity_plus-6.1.5/
[   +3 ms] Skipping generating dart_plugin_registrant.dart because it is up-to-date.
[   +2 ms] /opt/homebrew/share/flutter/bin/cache/dart-sdk/bin/dartaotruntime /opt/homebrew/share/flutter/bin/cache/dart-sdk/bin/snapshots/frontend_server_aot.dart.snapshot --sdk-root /opt/homebrew/share/flutter/bin/cache/artifacts/engine/common/flutter_patched_sdk/ --incremental --no-print-incremental-dependencies --target=flutter --experimental-emit-debug-metadata -DFLUTTER_VERSION=3.38.9 -DFLUTTER_CHANNEL=stable -DFLUTTER_GIT_URL=https://github.com/flutter/flutter.git -DFLUTTER_FRAMEWORK_REVISION=67323de285 -DFLUTTER_ENGINE_REVISION=587c18f873 -DFLUTTER_DART_VERSION=3.10.8 --output-dill /var/folders/wz/88y3whz54y1cj2p9nvz2p4k80000gn/T/flutter_tools.FWHAvh/flutter_test_compiler.qNb7lF/output.dill --packages /Users/srithesh/Desktop/posrest/.dart_tool/package_config.json -Ddart.vm.profile=false -Ddart.vm.product=false --enable-asserts --track-widget-creation --initialize-from-dill /Users/srithesh/Desktop/posrest/build/test_cache/build/f537d389bd7fe17e116f8b847863fcdd.cache.dill.track.dill --verbosity=error
[   +5 ms] <- compile file:///var/folders/wz/88y3whz54y1cj2p9nvz2p4k80000gn/T/flutter_tools.FWHAvh/flutter_test_listener.JlFMK6/listener.dart
[  +86 ms] test/payment_calculation_test.dart:5:8: Error: Error when reading 'lib/data/models/order_item_model.dart': No such file or directory
[        ] import 'package:posrest/data/models/order_item_model.dart';
[        ]        ^
00:01 +0: loading /Users/srithesh/Desktop/posrest/test/payment_calculation_test.dart                                                                                                                   00:02 +0: loading /Users/srithesh/Desktop/posrest/test/payment_calculation_test.dart                                                                                                                   00:03 +0: loading /Users/srithesh/Desktop/posrest/test/payment_calculation_test.dart                                                                                                                   00:04 +0: loading /Users/srithesh/Desktop/posrest/test/payment_calculation_test.dart                                                                                                                   [+3890 ms] killing pid 32418
[   +2 ms] test 0: cleaning up...
[        ] test 0: deleting temporary directory
[   +1 ms] test 0: waiting for controller sink to close
00:04 +0 -1: loading /Users/srithesh/Desktop/posrest/test/payment_calculation_test.dart [E]                                                                                                            
  Failed to load "/Users/srithesh/Desktop/posrest/test/payment_calculation_test.dart":
  Compilation failed for testPath=/Users/srithesh/Desktop/posrest/test/payment_calculation_test.dart: test/payment_calculation_test.dart:5:8: Error: Error when reading 'lib/data/models/order_item_model.dart': No such file or directory
  import 'package:posrest/data/models/order_item_model.dart';
         ^
  .

To run this test again: /opt/homebrew/share/flutter/bin/cache/dart-sdk/bin/dart test /Users/srithesh/Desktop/posrest/test/payment_calculation_test.dart -p vm --plain-name 'loading /Users/srithesh/Desktop/posrest/test/payment_calculation_test.dart'
00:04 +0 -1: Some tests failed.                                                                                                                                                                        
[  +10 ms] Deleting /var/folders/wz/88y3whz54y1cj2p9nvz2p4k80000gn/T/flutter_tools.FWHAvh/flutter_test_compiler.qNb7lF...
[   +1 ms] killing pid 32418
[        ] Compiling file:///var/folders/wz/88y3whz54y1cj2p9nvz2p4k80000gn/T/flutter_tools.FWHAvh/flutter_test_listener.JlFMK6/listener.dart took 4042ms
[   +1 ms] test package returned with exit code 1
[        ] Runtime for phase TestRunner: Wall-clock: 0:00:04.136646; combined: 0:00:04.136720.
[        ] Runtime for phase Compile: Wall-clock: 0:00:04.042345; combined: 0:00:04.042360.
[        ] Runtime for phase Run: Wall-clock: 0:00:00.000000; combined: 0:00:00.000000.
[        ] Runtime for phase CoverageTotal: Wall-clock: 0:00:00.000000; combined: 0:00:00.000000.
[        ] Runtime for phase CoverageCollect: Wall-clock: 0:00:00.000000; combined: 0:00:00.000000.
[        ] Runtime for phase CoverageParseJson: Wall-clock: 0:00:00.000000; combined: 0:00:00.000000.
[        ] Runtime for phase CoverageAddHitmap: Wall-clock: 0:00:00.000000; combined: 0:00:00.000000.
[        ] Runtime for phase CoverageDataCollect: Wall-clock: 0:00:00.000000; combined: 0:00:00.000000.
[        ] Runtime for phase WatcherFinishedTest: Wall-clock: 0:00:00.000000; combined: 0:00:00.000000.
[        ] "flutter test" took 10,001ms.
[   +3 ms] executing: sw_vers -productName
[  +12 ms] Exit code 0 from: sw_vers -productName
[        ] macOS
[        ] executing: sw_vers -productVersion
[   +9 ms] Exit code 0 from: sw_vers -productVersion
[        ] 26.4.1
[        ] executing: sw_vers -buildVersion
[   +9 ms] Exit code 0 from: sw_vers -buildVersion
[        ] 25E253
[        ] executing: uname -m
[   +3 ms] Exit code 0 from: uname -m
[        ] arm64
[  +36 ms] 
           #0      throwToolExit (package:flutter_tools/src/base/common.dart:34:3)
           #1      TestCommand.runCommand (package:flutter_tools/src/commands/test.dart:714:7)
           <asynchronous suspension>
           #2      FlutterCommand.run.<anonymous closure> (package:flutter_tools/src/runner/flutter_command.dart:1559:27)
           <asynchronous suspension>
           #3      AppContext.run.<anonymous closure> (package:flutter_tools/src/base/context.dart:154:19)
           <asynchronous suspension>
           #4      CommandRunner.runCommand (package:args/command_runner.dart:212:13)
           <asynchronous suspension>
           #5      FlutterCommandRunner.runCommand.<anonymous closure> (package:flutter_tools/src/runner/flutter_command_runner.dart:487:9)
           <asynchronous suspension>
           #6      AppContext.run.<anonymous closure> (package:flutter_tools/src/base/context.dart:154:19)
           <asynchronous suspension>
           #7      FlutterCommandRunner.runCommand (package:flutter_tools/src/runner/flutter_command_runner.dart:422:5)
           <asynchronous suspension>
           #8      run.<anonymous closure>.<anonymous closure> (package:flutter_tools/runner.dart:104:11)
           <asynchronous suspension>
           #9      AppContext.run.<anonymous closure> (package:flutter_tools/src/base/context.dart:154:19)
           <asynchronous suspension>
           #10     main (package:flutter_tools/executable.dart:103:3)
           <asynchronous suspension>


[        ] Running 3 shutdown hooks
[   +2 ms] Shutdown hooks complete
[ +126 ms] exiting with code 1
